// Jest Snapshot v1, https://goo.gl/fbAQLP

exports[`PageFooter view renders component correctly 1`] = `
<v-footer-stub
  color="blue-grey darken-3"
  height="auto"
  tag="footer"
>
  <div
    class="nav-links"
    id="nav"
  >
    <router-link-stub
      ariacurrentvalue="page"
      event="click"
      tag="a"
      to="/"
    >
      Home
    </router-link-stub>
  </div>
   
  <v-col-stub
    class="text-right white--text"
    tag="div"
  >
    <strong>
      copyright Â© 2021 
    </strong>
  </v-col-stub>
</v-footer-stub>
`;
