// Jest Snapshot v1, https://goo.gl/fbAQLP

exports[`PageHeader component renders component correctly 1`] = `<!---->`;
